// Jest Snapshot v1, https://goo.gl/fbAQLP

exports[`should change icon class prefix when using icon prop 1`] = `
"<view class=\\"nut-popover nut-popover--light\\">
  <div></div>
  <!--v-if-->
</view>"
`;

exports[`should watch placement prop and update location 1`] = `""`;

exports[`slots 1`] = `
"<view class=\\"nut-popover nut-popover--light\\">
  <div></div>
  <!--v-if-->
</view>"
`;
