// Vitest Snapshot v1, https://vitest.dev/guide/snapshot.html

exports[`should render title、desc slot correctly 1`] = `
"<view class=\\"nut-cell-group\\">Custom TitleCustom Desc<view class=\\"nut-cell-group__wrap\\"></view>
</view>"
`;
