// Vitest Snapshot v1, https://vitest.dev/guide/snapshot.html

exports[`should render default slot correctly 1`] = `"<view class=\\"nut-drag\\">Custom Message</view>"`;
