// Vitest Snapshot v1, https://vitest.dev/guide/snapshot.html

exports[`should render ecard 1`] = `
"<view class="nut-ecard">
  <view class="nut-ecard__title">请选择电子卡面值</view>
  <view class="nut-ecard__list">
    <view class="nut-ecard__list__item">10</view>
    <view class="nut-ecard__list__item">20</view>
    <view class="nut-ecard__list__item">30</view>
    <view class="nut-ecard__list__item">40</view>
    <view class="nut-ecard__list__input">
      <view>其他面值</view>
      <view class="nut-ecard__list__input--con"><input class="nut-ecard__list__input--input" type="text" placeholder="请输入1-5000整数"> ¥</view>
    </view>
    <view class="nut-ecard__list__step">
      <view>¥0</view>
      <view class="nut-input-number">
        <view class="nut-input-number__icon nut-input-number__left nut-input-number__icon--disabled"><svg class="nut-icon nut-icon-minus" xmlns="http://www.w3.org/2000/svg" viewBox="0 0 1024 1024" role="presentation">
            <path d="M299.52 460.8h409.6c28.16 0 51.2 23.04 51.2 51.2s-23.04 51.2-51.2 51.2h-409.6c-28.16 0-51.2-23.04-51.2-51.2s23.04-51.2 51.2-51.2z" fill="currentColor" fill-opacity="0.9"></path>
          </svg></view><input type="number" min="1" max="9999">
        <view class="nut-input-number__icon nut-input-number__right"><svg class="nut-icon nut-icon-plus" xmlns="http://www.w3.org/2000/svg" viewBox="0 0 1024 1024" role="presentation">
            <path d="M345.6 460.8h409.6q51.2 0 51.2 51.2t-51.2 51.2H345.6q-51.2 0-51.2-51.2t51.2-51.2zM550.4 256q51.2 0 51.2 51.2v409.6q0 51.2-51.2 51.2t-51.2-51.2V307.2q0-51.2 51.2-51.2z" fill="currentColor" fill-opacity="0.9"></path>
          </svg></view>
      </view>
    </view>
  </view>
</view>"
`;
