// Jest Snapshot v1, https://goo.gl/fbAQLP

exports[`should render component  when using require prop 1`] = `
"<div class=\\"nut-circleprogress\\" style=\\"height: 120px; width: 120px;\\"><svg height=\\"120\\" width=\\"120\\" x-mlns=\\"http://www.w3.org/200/svg\\">
    <circle r=\\"50\\" cx=\\"60\\" cy=\\"60\\" stroke=\\"#d9d9d9\\" stroke-width=\\"10\\" fill=\\"none\\"></circle>
    <circle r=\\"50\\" cx=\\"60\\" cy=\\"60\\" stroke=\\"red\\" stroke-dasharray=\\"94.2,314\\" stroke-width=\\"10\\" fill=\\"none\\" transform=\\"rotate(-90,60,60)\\" stroke-linecap=\\"round\\" style=\\"transition: stroke-dasharray 0.6s ease 0s, stroke 0.6s ease 0s;\\"></circle>
  </svg>
  <div class=\\"nut-circleprogress-content\\">30%</div>
</div>"
`;
