// Vitest Snapshot v1, https://vitest.dev/guide/snapshot.html

exports[`should render word limit correctly 1`] = `
"<view class="nut-input-box"><input type="text" class="input-text" style="text-align: left;" maxlength="" placeholder="" format-trigger="onChange" enterkeyhint="done">
  <!--v-if-->
</view>"
`;

exports[`should render word limit correctly when modelValue is null 1`] = `
"<view class="nut-input nut-input--border" maxlength="3">
  <view class="nut-input-value">
    <view class="nut-input-inner">
      <!--v-if-->
      <view class="nut-input-box"><input type="text" class="input-text" style="text-align: left;" maxlength="" placeholder="" format-trigger="onChange" enterkeyhint="done">
        <!--v-if-->
      </view>
      <!--v-if-->
      <view class="nut-input-right-box"></view>
    </view>
  </view>
</view>"
`;
