// Vitest Snapshot v1, https://vitest.dev/guide/snapshot.html

exports[`function toast > show fail toast 1`] = `
<view
  class="nut-toast nut-toast-center nut-toast-has-icon nut-toast-base toast-fade-enter-from toast-fade-enter-active"
  iconsize="20"
  style=""
>
  <view
    class="nut-toast-inner"
    style="text-align: center;"
  >
    <view
      class="nut-toast-icon-wrapper"
    >
      <svg
        aria-labelledby=""
        class="nut-icon"
        role="presentation"
        style="color: rgb(255, 255, 255);"
        viewBox="0 0 1024 1024"
        xmlns="http://www.w3.org/2000/svg"
      >
        <path
          d="M512 1024C229.831 1024 0 794.169 0 512S229.831 0 512 0s512 229.831 512 512-229.831 512-512 512zm0-955.733C266.24 68.267 68.267 266.24 68.267 512S266.24 955.733 512 955.733 955.733 757.76 955.733 512 757.76 68.267 512 68.267zm111.502 282.169c13.654-13.654 34.134-13.654 47.787 0 11.378 11.377 13.653 31.857 2.275 45.51l-2.275 2.276-111.502 111.502 111.502 111.503c13.653 13.653 13.653 34.133 0 47.786-13.653 13.654-34.133 13.654-47.787 0L512 557.511 400.498 669.013c-11.378 11.378-31.858 13.654-45.511 2.276l-2.276-2.276c-11.378-11.377-13.653-31.857-2.275-45.51l2.275-2.276 111.502-111.503-111.502-111.502c-13.653-13.653-13.653-34.133 0-47.786s34.133-13.654 47.787 0L512 461.938l111.502-111.502z"
          fill="currentColor"
          fill-opacity="0.9"
        />
      </svg>
    </view>
    <!--v-if-->
    <view
      class="nut-toast-text"
    >
      文案
    </view>
  </view>
</view>
`;

exports[`function toast > show warn toast 1`] = `
<view
  class="nut-toast nut-toast-center nut-toast-has-icon nut-toast-base toast-fade-enter-from toast-fade-enter-active"
  iconsize="20"
  style=""
>
  <view
    class="nut-toast-inner"
    style="text-align: center;"
  >
    <view
      class="nut-toast-icon-wrapper"
    >
      <svg
        aria-labelledby=""
        class="nut-icon"
        role="presentation"
        style="color: rgb(255, 255, 255);"
        viewBox="0 0 1024 1024"
        xmlns="http://www.w3.org/2000/svg"
      >
        <path
          d="M512 1024C229.831 1024 0 794.169 0 512S229.831 0 512 0s512 229.831 512 512-229.831 512-512 512zm0-955.733C266.24 68.267 68.267 266.24 68.267 512S266.24 955.733 512 955.733 955.733 757.76 955.733 512 757.76 68.267 512 68.267zm111.502 282.169c13.654-13.654 34.134-13.654 47.787 0 11.378 11.377 13.653 31.857 2.275 45.51l-2.275 2.276-111.502 111.502 111.502 111.503c13.653 13.653 13.653 34.133 0 47.786-13.653 13.654-34.133 13.654-47.787 0L512 557.511 400.498 669.013c-11.378 11.378-31.858 13.654-45.511 2.276l-2.276-2.276c-11.378-11.377-13.653-31.857-2.275-45.51l2.275-2.276 111.502-111.503-111.502-111.502c-13.653-13.653-13.653-34.133 0-47.786s34.133-13.654 47.787 0L512 461.938l111.502-111.502z"
          fill="currentColor"
          fill-opacity="0.9"
        />
      </svg>
    </view>
    <!--v-if-->
    <view
      class="nut-toast-text"
    >
      文案
    </view>
  </view>
</view>
`;
