// Jest Snapshot v1, https://goo.gl/fbAQLP

exports[`should render fixed element when using bottom prop 1`] = `
"<div class=\\"\\">
  <view class=\\"nut-tabbar nut-tabbar-bottom nut-tabbar-safebottom\\"></view>
</div>"
`;
