// Vitest Snapshot v1, https://vitest.dev/guide/snapshot.html

exports[`size props 1`] = `
"<view class=\\"nut-avatar-group\\">
  <!--v-if-->
</view>"
`;
