// Jest Snapshot v1, https://goo.gl/fbAQLP

exports[`should allow to use the elId prop 1`] = `""`;

exports[`should allow to use the teleport prop 1`] = `""`;
