// Vitest Snapshot v1, https://vitest.dev/guide/snapshot.html

exports[`Skeleton: should change avatar shape when using avatarShape prop 1`] = `"<view style="width: 50px; height: 50px; background-color: #eee; color: #666;" class="nut-avatar nut-avatar-normal nut-avatar-square avatarClass avatarClass--square"></view>"`;
