// Vitest Snapshot v1, https://vitest.dev/guide/snapshot.html

exports[`base 1`] = `"<div class="nut-invoice"><form class="nut-form" action="#"><view class="nut-cell-group"><!--v-if--><!--v-if--><view class="nut-cell-group__wrap"><view class="nut-cell nut-form-item line" style=""><view class="nut-cell__title nut-form-item__label required">发票类型</view><view class="nut-cell__value nut-form-item__body"><view class="nut-form-item__body__slots"><div class="nut-radio-group nut-radio-group--vertical"><div class="nut-radio nut-radio--button"><div class="nut-radio__button nut-radio__button--active nut-radio__button--normal">企业</div></div><div class="nut-radio nut-radio--button"><div class="nut-radio__button nut-radio__button--normal">个人或事业单位</div></div></div></view><!--v-if--></view></view><view class="nut-cell nut-form-item line" style=""><view class="nut-cell__title nut-form-item__label required">发票抬头</view><view class="nut-cell__value nut-form-item__body"><view class="nut-form-item__body__slots"><view class="nut-input nut-input--border nut-input-text"><view class="nut-input-value"><view class="nut-input-inner"><!--v-if--><view class="nut-input-box"><input type="text" class="input-text" style="text-align: left;" maxlength="" placeholder="请输入发票抬头" format-trigger="onChange" enterkeyhint="done"><!--v-if--></view><!--v-if--><view class="nut-input-right-box"></view></view></view></view></view><!--v-if--></view></view><view class="nut-cell nut-form-item line" style=""><view class="nut-cell__title nut-form-item__label">纳税人识别号</view><view class="nut-cell__value nut-form-item__body"><view class="nut-form-item__body__slots"><view class="nut-input nut-input--border nut-input-text"><view class="nut-input-value"><view class="nut-input-inner"><!--v-if--><view class="nut-input-box"><input type="text" class="input-text" style="text-align: left;" maxlength="" placeholder="请输入纳税人识别号" format-trigger="onChange" enterkeyhint="done"><!--v-if--></view><!--v-if--><view class="nut-input-right-box"></view></view></view></view></view><!--v-if--></view></view><view class="nut-cell nut-form-item line" style=""><view class="nut-cell__title nut-form-item__label required">注册地址</view><view class="nut-cell__value nut-form-item__body"><view class="nut-form-item__body__slots"><view class="nut-input nut-input--border nut-input-text"><view class="nut-input-value"><view class="nut-input-inner"><!--v-if--><view class="nut-input-box"><input type="text" class="input-text" style="text-align: left;" maxlength="" placeholder="请输入注册地址" format-trigger="onChange" enterkeyhint="done"><!--v-if--></view><!--v-if--><view class="nut-input-right-box"></view></view></view></view></view><!--v-if--></view></view><view class="nut-cell nut-form-item line" style=""><view class="nut-cell__title nut-form-item__label required">注册电话</view><view class="nut-cell__value nut-form-item__body"><view class="nut-form-item__body__slots"><view class="nut-input nut-input--border nut-input-text"><view class="nut-input-value"><view class="nut-input-inner"><!--v-if--><view class="nut-input-box"><input type="text" class="input-text" style="text-align: left;" maxlength="" placeholder="请输入注册电话" format-trigger="onChange" enterkeyhint="done"><!--v-if--></view><!--v-if--><view class="nut-input-right-box"></view></view></view></view></view><!--v-if--></view></view><view class="nut-cell nut-form-item line" style=""><view class="nut-cell__title nut-form-item__label">开户行</view><view class="nut-cell__value nut-form-item__body"><view class="nut-form-item__body__slots"><view class="nut-input nut-input--border nut-input-text"><view class="nut-input-value"><view class="nut-input-inner"><!--v-if--><view class="nut-input-box"><input type="text" class="input-text" style="text-align: left;" maxlength="" placeholder="请输入开户行" format-trigger="onChange" enterkeyhint="done"><!--v-if--></view><!--v-if--><view class="nut-input-right-box"></view></view></view></view></view><!--v-if--></view></view><view class="nut-cell nut-form-item line" style=""><view class="nut-cell__title nut-form-item__label">银行账户</view><view class="nut-cell__value nut-form-item__body"><view class="nut-form-item__body__slots"><view class="nut-input nut-input--border nut-input-text"><view class="nut-input-value"><view class="nut-input-inner"><!--v-if--><view class="nut-input-box"><input type="text" class="input-text" style="text-align: left;" maxlength="" placeholder="请输入银行账户" format-trigger="onChange" enterkeyhint="done"><!--v-if--></view><!--v-if--><view class="nut-input-right-box"></view></view></view></view></view><!--v-if--></view></view></view></view></form><div class="nut-invoice__submit"><view class="nut-button nut-button--primary nut-button--normal nut-button--round nut-button--block"><view class="nut-button__wrap"><!--v-if--><!--v-if--><view class="">提交审批</view></view></view></div></div>"`;
