// Vitest Snapshot v1, https://vitest.dev/guide/snapshot.html

exports[`props custom-class 1`] = `"data:image/png;base64,00"`;
