// Vitest Snapshot v1, https://vitest.dev/guide/snapshot.html

exports[`prop desc-text-align left 1`] = `
"<view class="nut-cell" style="border-radius: px;">
  <!--v-if-->
  <!--v-if-->
  <view class="nut-cell__value nut-cell__value--alone" style="text-align: left;">张三</view>
  <!--v-if-->
</view>"
`;

exports[`prop isLink  1`] = `
"<view class="nut-cell nut-cell--clickable" style="border-radius: px;">
  <!--v-if-->
  <!--v-if-->
  <!--v-if--><svg class="nut-cell__link nut-icon nut-icon-right" xmlns="http://www.w3.org/2000/svg" viewBox="0 0 1024 1024" role="presentation">
    <path d="M381.262 1005.566c-16.132 21.51-45.708 24.198-67.217 8.066-21.51-16.132-24.198-45.708-8.066-67.217C413.526 806.604 518.384 666.792 625.932 529.67c8.066-10.755 8.066-24.198 0-34.953C518.384 354.906 413.526 215.094 305.979 77.972c-16.132-21.51-10.755-51.085 8.066-67.217C335.555-5.377 365.13 0 381.262 18.82c107.547 142.5 212.405 282.311 319.953 419.434 34.952 43.019 34.952 104.858 0 150.566-107.548 139.811-212.406 279.622-319.953 416.745" fill="currentColor" fill-opacity="0.9"></path>
  </svg>
</view>"
`;

exports[`prop title desc subtitle 1`] = `
"<view class="nut-cell" style="border-radius: px;">
  <!--v-if-->
  <view class="nut-cell__title">
    <view class="title">标题1</view>
    <view class="nut-cell__title-desc">副标题1</view>
  </view>
  <view class="nut-cell__value" style="text-align: right;">描述1</view>
  <!--v-if-->
</view>"
`;

exports[`slot default test 1`] = `"<view class="nut-cell" style="border-radius: px;">Custom Content</view>"`;

exports[`slot link、icon test 1`] = `
"<view class="nut-cell" style="border-radius: px;">
  <view class="nut-cell__icon">Custom Icon</view>
  <view class="nut-cell__title">
    <view class="title">标题1</view>
    <view class="nut-cell__title-desc">副标题1</view>
  </view>
  <view class="nut-cell__value" style="text-align: right;">描述1</view>Custom Link
</view>"
`;
