// Jest Snapshot v1, https://goo.gl/fbAQLP

exports[`should change avatar shape when using avatarShape prop 1`] = `
"<view style=\\"width: 50px; height: 50px; background-color: rgb(239, 239, 239);\\" class=\\"nut-avatar avatar-normal avatar-square avatarClass avatarClass--square\\"><i class=\\"nutui-iconfont nut-icon nut-icon- icon\\" src=\\"\\"></i>
  <!--v-if-->
</view>"
`;

exports[`should change avatar size when using avatarSize prop: 20px 1`] = `"20px"`;

exports[`should change avatar size when using avatarSize prop: 20px 2`] = `"20px"`;

exports[`should render default slot 1`] = `
"<view class=\\"skeleton\\">
  <!--v-if-->
  <view class=\\"content\\">
    <!--v-if-->
    <view class=\\"blockClass\\" style=\\"width: 100px; height: 100px;\\"></view>
    <view class=\\"content-line\\">
      <view class=\\"title\\"></view>
      <view class=\\"blockClass\\" style=\\"width: 100px; height: 100px;\\"></view>
    </view>
  </view>
</view>"
`;
