// Jest Snapshot v1, https://goo.gl/fbAQLP

exports[`should render triangle size when set iconsize 1`] = `
"<view class=\\"nut-trend-arrow\\"><span class=\\"nut-trend-arrow-icon-before nut-trend-arrow-rate\\" style=\\"color: rgb(100, 181, 120);\\">10.00%</span>
  <!---->
  <!--v-if-->
</view>"
`;
